--- running cargo bench ---
warning: field `load_8` is never read
   --> arm7tdmi/src/dynarec/mod.rs:283:5
    |
280 | struct BusImports {
    |        ---------- field in this struct
...
283 |     load_8: FuncId,
    |     ^^^^^^
    |
    = note: `BusImports` has a derived impl for the trait `Clone`, but this is intentionally ignored during dead code analysis
    = note: `#[warn(dead_code)]` (part of `#[warn(unused)]`) on by default

warning: `arm7tdmi` (lib) generated 1 warning
    Finished `bench` profile [optimized] target(s) in 0.09s
     Running benches/dynarec_shapes.rs (target/release/deps/dynarec_shapes-18196232276fa689)
Benchmarking thumb_mov_imm
Benchmarking thumb_mov_imm: Warming up for 3.0000 s
Benchmarking thumb_mov_imm: Collecting 100 samples in estimated 5.0000 s (3.8B iterations)
Benchmarking thumb_mov_imm: Analyzing
thumb_mov_imm           time:   [1.3062 ns 1.3177 ns 1.3293 ns]

Benchmarking thumb_add_imm
Benchmarking thumb_add_imm: Warming up for 3.0000 s
Benchmarking thumb_add_imm: Collecting 100 samples in estimated 5.0000 s (3.3B iterations)
Benchmarking thumb_add_imm: Analyzing
thumb_add_imm           time:   [1.5033 ns 1.5153 ns 1.5278 ns]

Benchmarking thumb_cmp_imm
Benchmarking thumb_cmp_imm: Warming up for 3.0000 s
Benchmarking thumb_cmp_imm: Collecting 100 samples in estimated 5.0000 s (3.3B iterations)
Benchmarking thumb_cmp_imm: Analyzing
thumb_cmp_imm           time:   [1.4974 ns 1.5047 ns 1.5124 ns]

Benchmarking thumb_dp_chain
Benchmarking thumb_dp_chain: Warming up for 3.0000 s
Benchmarking thumb_dp_chain: Collecting 100 samples in estimated 5.0000 s (2.8B iterations)
Benchmarking thumb_dp_chain: Analyzing
thumb_dp_chain          time:   [1.7763 ns 1.7913 ns 1.8078 ns]

Benchmarking arm_mov_imm
Benchmarking arm_mov_imm: Warming up for 3.0000 s
Benchmarking arm_mov_imm: Collecting 100 samples in estimated 5.0000 s (4.7B iterations)
Benchmarking arm_mov_imm: Analyzing
arm_mov_imm             time:   [1.0626 ns 1.0727 ns 1.0834 ns]

Benchmarking arm_cmp_imm
Benchmarking arm_cmp_imm: Warming up for 3.0000 s
Benchmarking arm_cmp_imm: Collecting 100 samples in estimated 5.0000 s (3.0B iterations)
Benchmarking arm_cmp_imm: Analyzing
arm_cmp_imm             time:   [1.6755 ns 1.6885 ns 1.7026 ns]

Benchmarking shift_pair_sxtb
Benchmarking shift_pair_sxtb: Warming up for 3.0000 s
Benchmarking shift_pair_sxtb: Collecting 100 samples in estimated 5.0000 s (3.9B iterations)
Benchmarking shift_pair_sxtb: Analyzing
shift_pair_sxtb         time:   [1.2729 ns 1.2813 ns 1.2900 ns]

ns/iter per shape:
  thumb_mov_imm   = 1.318
  thumb_add_imm   = 1.515
  thumb_cmp_imm   = 1.505
  thumb_dp_chain  = 1.791
  arm_mov_imm     = 1.073
  arm_cmp_imm     = 1.688
  shift_pair_sxtb = 1.281
--- building rustboyadvance-sdl2 (release + debug syms, features dynarec,shape_profile) ---

warning: `arm7tdmi` (lib) generated 1 warning
    Finished `release` profile [optimized] target(s) in 1.61s
--- pokeemerald: SDL replay ---
Terminated
--- pokeemerald FAILED, tail of log: ---
block0(v0: i64, v1: i64, v2: i64, v3: i64):
    v4 = load.i32 notrap aligned v1
    v5 = iconst.i32 0x0809_ac00
    v6 = iconst.i32 0x0809_ac04
    v7 = iconst.i32 4
    call fn5(v3, v6, v7)  ; v6 = 0x0809_ac04, v7 = 4
    v8 = iconst.i32 0
    store notrap aligned v8, v0  ; v8 = 0
    v9 = band_imm v4, 0x3fff_ffff
    v10 = bor_imm v9, 0x4000_0000
    v11 = load.i32 notrap aligned v0+52
    v12 = iadd_imm v11, 0
    v13 = call fn0(v3, v12)
    store notrap aligned v13, v0+16
    v14 = iadd_imm v11, 4
    store notrap aligned v14, v0+52
    v15 = load.i32 notrap aligned v0+52
    v16 = iadd_imm v15, 0
    v17 = call fn0(v3, v16)
    store notrap aligned v17, v0+4
    v18 = iadd_imm v15, 4
    store notrap aligned v18, v0+52
    v19 = iconst.i32 0
    v20 = load.i32 notrap aligned v0+4
    store notrap aligned v20, v2
    v21 = iconst.i32 1
    store notrap aligned v10, v1
    return v21  ; v21 = 1
}

--- mario_kart: SDL replay ---
scripts/dynarec_measure.sh: line 259: 1478773 Killed                  "$PERF_BIN" record -F 997 -g --call-graph dwarf -q -o "$perf_data" -- "$SDL_BIN" --bios "$BIOS" --skip-bios --no-audio --jit --replay "$rec" "$rom" > "$log" 2>&1
--- mario_kart FAILED, tail of log: ---
    v73 = iconst.i8 1
    v74 = icmp ne v67, v72  ; v72 = 0
    brif v74, block1, block2(v62)  ; v62 = 0

block1:
    v75 = iconst.i32 0x0804_718d
    store notrap aligned v75, v2  ; v75 = 0x0804_718d
    v76 = iconst.i32 1
    jump block2(v76)  ; v76 = 1

block2(v78: i32):
    store.i32 notrap aligned v61, v1
    return v78
}

replay done: 6499 frames in 19.29s wall, 336.9 avg fps (1825662494 emulated cycles)
--- shape_profile ---
shape_profile:thumb_mov_imm    0
shape_profile:thumb_add_imm    0
shape_profile:thumb_cmp_imm    0
shape_profile:arm_mov_imm      0
shape_profile:arm_cmp_imm      0
shape_profile:thumb_dp_pair_pure 0
shape_profile:thumb_dp_short_pure 58828
shape_profile:thumb_dp_long_pure 152603
shape_profile:thumb_block_with_mem 4216343
shape_profile:thumb_block_with_branch 2569166
shape_profile:shift_pair_sxtb  0
shape_profile:other            0
shape_profile:replay_wall_seconds 19.291

---
weighted_cycles:        40412500
pokeemerald_fps:        0.0
pokeemerald_cpu_pct:    0.0
pokeemerald_gpu_pct:    0.0
pokeemerald_bus_pct:    0.0
mario_kart_fps:         0.0
mario_kart_cpu_pct:     0.0
mario_kart_gpu_pct:     0.0
mario_kart_bus_pct:     0.0
peak_vram_mb:           0.0
seconds:                219
